// Code generated by github.com/kamilsk/egg. DO NOT EDIT.

// +build tools

package tools

import (
	_ "golang.org/x/vgo"
)

//go:generate go install golang.org/x/vgo
